// Jest Snapshot v1, https://goo.gl/fbAQLP

exports[` should render 1`] = `
<a
  class="my-node my-node-appear my-node-appear-active"
  href="/d/2"
>
  <article
    class="flipCard"
  >
    <section>
      <div
        class="overflow-hidden flex-grow"
      >
        <img
          alt="CR90 corvette"
          height="320"
          loading="lazy"
          src="https://res.cloudinary.com/di6qjuwyo/image/upload/c_crop,c_fill,w_350,h_320,g_face/starwars/d/2.jpg"
          width="350"
        />
      </div>
      <div
        class="text-2xl text-center py-4 bg-black"
      >
        CR90 corvette
      </div>
    </section>
    <section>
      <div
        class="flex flex-col"
      >
        <div
          class="flex items-center p-2 gap-4"
        >
          <img
            class="w-24 h-24 rounded-full"
            height="320"
            loading="lazy"
            src="https://res.cloudinary.com/di6qjuwyo/image/upload/w_96,c_fill,ar_1:1,g_auto,r_max/starwars/d/2.jpg"
            width="350"
          />
          <p
            class="text-lg"
          >
            CR90 corvette
          </p>
        </div>
        <div
          class="px-2"
        >
          <table>
            <tbody>
              <tr>
                <td
                  class="w-1/3 key-col"
                >
                  <div
                    class="overflow-hidden h-6"
                  >
                    MGLT
                  </div>
                </td>
                <td>
                  <div
                    class="overflow-hidden h-6 data-col"
                  >
                    <p
                      class="overflow-ellipsis"
                    >
                      60
                    </p>
                  </div>
                </td>
              </tr>
              <tr>
                <td
                  class="w-1/3 key-col"
                >
                  <div
                    class="overflow-hidden h-6"
                  >
                    Cargo capacity
                  </div>
                </td>
                <td>
                  <div
                    class="overflow-hidden h-6 data-col"
                  >
                    <p
                      class="overflow-ellipsis"
                    >
                      3000000
                    </p>
                  </div>
                </td>
              </tr>
              <tr>
                <td
                  class="w-1/3 key-col"
                >
                  <div
                    class="overflow-hidden h-6"
                  >
                    Consumables
                  </div>
                </td>
                <td>
                  <div
                    class="overflow-hidden h-6 data-col"
                  >
                    <p
                      class="overflow-ellipsis"
                    >
                      1 year
                    </p>
                  </div>
                </td>
              </tr>
              <tr>
                <td
                  class="w-1/3 key-col"
                >
                  <div
                    class="overflow-hidden h-6"
                  >
                    Cost in Credits
                  </div>
                </td>
                <td>
                  <div
                    class="overflow-hidden h-6 data-col"
                  >
                    <p
                      class="overflow-ellipsis"
                    >
                      3500000
                    </p>
                  </div>
                </td>
              </tr>
              <tr>
                <td
                  class="w-1/3 key-col"
                >
                  <div
                    class="overflow-hidden h-6"
                  >
                    Crew
                  </div>
                </td>
                <td>
                  <div
                    class="overflow-hidden h-6 data-col"
                  >
                    <p
                      class="overflow-ellipsis"
                    >
                      30-165
                    </p>
                  </div>
                </td>
              </tr>
            </tbody>
          </table>
        </div>
      </div>
    </section>
  </article>
</a>
`;
